============================= test session starts =============================
platform win32 -- Python 3.12.5, pytest-9.0.2, pluggy-1.6.0 -- F:\Netsmartz\Tile_visual\.venv\Scripts\python.exe
cachedir: .pytest_cache
rootdir: F:\Netsmartz\Tile_visual
plugins: anyio-4.12.1
collecting ... collected 1 item

tests/test_multi_tile.py::TestBuildGeometryCache::test_floor_surface_with_mocked_depth FAILED [100%]

================================== FAILURES ===================================
_________ TestBuildGeometryCache.test_floor_surface_with_mocked_depth _________

self = <tests.test_multi_tile.TestBuildGeometryCache object at 0x0000022548646C60>
room_image = array([[[200, 200, 210],
        [200, 200, 210],
        [200, 200, 210],
        ...,
        [200, 200, 210],
     ...    ...,
        [140, 130, 120],
        [140, 130, 120],
        [140, 130, 120]]], shape=(480, 640, 3), dtype=uint8)
floor_mask = array([[  0,   0,   0, ...,   0,   0,   0],
       [  0,   0,   0, ...,   0,   0,   0],
       [  0,   0,   0, ...,   ...       [255, 255, 255, ..., 255, 255, 255],
       [255, 255, 255, ..., 255, 255, 255]], shape=(480, 640), dtype=uint8)
synthetic_depth = array([[1.        , 1.        , 1.        , ..., 1.        , 1.        ,
        1.        ],
       [0.99791664, 0.99...0.00208333, 0.00208333, 0.00208333, ..., 0.00208333, 0.00208333,
        0.00208333]], shape=(480, 640), dtype=float32)

    def test_floor_surface_with_mocked_depth(self, room_image, floor_mask, synthetic_depth):
        """Floor surface should produce a valid cache using injected depth map."""
        from visualization.multi_tile_engine import build_geometry_cache
        from visualization.depth_estimation import normalize_depth, visualize_depth
    
        norm = normalize_depth(synthetic_depth)
        colored = visualize_depth(synthetic_depth)
    
>       with patch("visualization.multi_tile_engine.load_midas_model") as mock_load, \
             patch("visualization.multi_tile_engine.estimate_depth") as mock_est, \
             patch("visualization.multi_tile_engine.normalize_depth", return_value=norm), \
             patch("visualization.multi_tile_engine.visualize_depth", return_value=colored):

tests\test_multi_tile.py:125: 
_ _ _ _ _ _ _ _ _ _ _ _ _ _ _ _ _ _ _ _ _ _ _ _ _ _ _ _ _ _ _ _ _ _ _ _ _ _ _ _

self = <unittest.mock._patch object at 0x0000022555DD3440>

    def __enter__(self):
        """Perform the patch."""
        new, spec, spec_set = self.new, self.spec, self.spec_set
        autospec, kwargs = self.autospec, self.kwargs
        new_callable = self.new_callable
        self.target = self.getter()
    
        # normalise False to None
        if spec is False:
            spec = None
        if spec_set is False:
            spec_set = None
        if autospec is False:
            autospec = None
    
        if spec is not None and autospec is not None:
            raise TypeError("Can't specify spec and autospec")
        if ((spec is not None or autospec is not None) and
            spec_set not in (True, None)):
            raise TypeError("Can't provide explicit spec_set *and* spec or autospec")
    
>       original, local = self.get_original()
                          ^^^^^^^^^^^^^^^^^^^

C:\Users\sarda\AppData\Local\Programs\Python\Python312\Lib\unittest\mock.py:1461: 
_ _ _ _ _ _ _ _ _ _ _ _ _ _ _ _ _ _ _ _ _ _ _ _ _ _ _ _ _ _ _ _ _ _ _ _ _ _ _ _

self = <unittest.mock._patch object at 0x0000022555DD3440>

    def get_original(self):
        target = self.getter()
        name = self.attribute
    
        original = DEFAULT
        local = False
    
        try:
            original = target.__dict__[name]
        except (AttributeError, KeyError):
            original = getattr(target, name, DEFAULT)
        else:
            local = True
    
        if name in _builtins and isinstance(target, ModuleType):
            self.create = True
    
        if not self.create and original is DEFAULT:
>           raise AttributeError(
                "%s does not have the attribute %r" % (target, name)
            )
E           AttributeError: <module 'visualization.multi_tile_engine' from 'F:\\Netsmartz\\Tile_visual\\visualization\\multi_tile_engine.py'> does not have the attribute 'load_midas_model'

C:\Users\sarda\AppData\Local\Programs\Python\Python312\Lib\unittest\mock.py:1434: AttributeError
=========================== short test summary info ===========================
FAILED tests/test_multi_tile.py::TestBuildGeometryCache::test_floor_surface_with_mocked_depth
============================== 1 failed in 3.44s ==============================
